============================= test session starts =============================
platform win32 -- Python 3.10.11, pytest-8.3.5, pluggy-1.5.0
rootdir: C:\Users\szymo\Git_proj\Site_proj
collected 51 items

test_database.py ..............                                          [ 27%]
test_smarthome.py ...........s......................s..                  [100%]

======================= 49 passed, 2 skipped in 14.72s ========================
